$env:PYTHONPATH="."
pytest -v  #Powershell